

$ pwd
/home/solenkoff/projects

$ ls -la
total 24
drwxr-xr-x  4 solenkoff solenkoff 4096 Jan 24 10:12 .
drwxr-xr-x 18 solenkoff solenkoff 4096 Jan 23 21:40 ..
drwxr-xr-x  2 solenkoff solenkoff 4096 Jan 24 09:55 logs
-rw-r--r--  1 solenkoff solenkoff  342 Jan 24 09:58 README.md
-rw-r--r--  1 solenkoff solenkoff 1024 Jan 24 10:01 app.conf

$ mkdir -p data/input data/output

$ touch data/input/users.csv data/input/orders.csv

$ ls data/input
orders.csv  users.csv

$ cp -r data/input data/backup

$ tree data
data
├── backup
│   ├── orders.csv
│   └── users.csv
├── input
│   ├── orders.csv
│   └── users.csv
└── output

$ mv README.md README.old.md

$ ls
README.old.md  app.conf  data  logs

$ rm -i app.conf
rm: remove regular file 'app.conf'? y

$ rmdir data/output

$ rmdir data/input
rmdir: failed to remove 'data/input': Directory not empty
